Archive member included because of file (symbol)

/usr/lib/gcc/avr/4.3.3/avr5/libgcc.a(_udivmodhi4.o)
                              main.o (__udivmodhi4)
/usr/lib/gcc/avr/4.3.3/avr5/libgcc.a(_divmodhi4.o)
                              main.o (__divmodhi4)
/usr/lib/gcc/avr/4.3.3/avr5/libgcc.a(_exit.o)
                              /usr/lib/gcc/avr/4.3.3/../../../avr/lib/avr5/crtm32.o (exit)
/usr/lib/gcc/avr/4.3.3/avr5/libgcc.a(_copy_data.o)
                              main.o (__do_copy_data)
/usr/lib/gcc/avr/4.3.3/avr5/libgcc.a(_clear_bss.o)
                              main.o (__do_clear_bss)
/usr/lib/gcc/avr/4.3.3/avr5/libgcc.a(_muldi3.o)
                              main.o (__muldi3)
/usr/lib/gcc/avr/4.3.3/avr5/libgcc.a(_udivdi3.o)
                              main.o (__udivdi3)
/usr/lib/gcc/avr/4.3.3/avr5/libgcc.a(_mulsi3.o)
                              /usr/lib/gcc/avr/4.3.3/avr5/libgcc.a(_muldi3.o) (__mulsi3)
/usr/lib/gcc/avr/4.3.3/avr5/libgcc.a(_udivmodsi4.o)
                              /usr/lib/gcc/avr/4.3.3/avr5/libgcc.a(_udivdi3.o) (__udivmodsi4)
/usr/lib/gcc/avr/4.3.3/avr5/libgcc.a(_prologue.o)
                              /usr/lib/gcc/avr/4.3.3/avr5/libgcc.a(_muldi3.o) (__prologue_saves__)
/usr/lib/gcc/avr/4.3.3/avr5/libgcc.a(_epilogue.o)
                              /usr/lib/gcc/avr/4.3.3/avr5/libgcc.a(_muldi3.o) (__epilogue_restores__)
/usr/lib/gcc/avr/4.3.3/avr5/libgcc.a(_clz.o)
                              /usr/lib/gcc/avr/4.3.3/avr5/libgcc.a(_udivdi3.o) (__clz_tab)
/usr/lib/gcc/avr/4.3.3/../../../avr/lib/avr5/libc.a(atoi.o)
                              main.o (atoi)
/usr/lib/gcc/avr/4.3.3/../../../avr/lib/avr5/libc.a(strcmp.o)
                              main.o (strcmp)
/usr/lib/gcc/avr/4.3.3/../../../avr/lib/avr5/libc.a(strcpy.o)
                              main.o (strcpy)
/usr/lib/gcc/avr/4.3.3/../../../avr/lib/avr5/libc.a(mul10.o)
                              /usr/lib/gcc/avr/4.3.3/../../../avr/lib/avr5/libc.a(atoi.o) (__mulhi_const_10)
/usr/lib/gcc/avr/4.3.3/../../../avr/lib/avr5/libc.a(sprintf.o)
                              main.o (sprintf)
/usr/lib/gcc/avr/4.3.3/../../../avr/lib/avr5/libc.a(sscanf.o)
                              main.o (sscanf)
/usr/lib/gcc/avr/4.3.3/../../../avr/lib/avr5/libc.a(vfprintf_std.o)
                              /usr/lib/gcc/avr/4.3.3/../../../avr/lib/avr5/libc.a(sprintf.o) (vfprintf)
/usr/lib/gcc/avr/4.3.3/../../../avr/lib/avr5/libc.a(vfscanf_std.o)
                              /usr/lib/gcc/avr/4.3.3/../../../avr/lib/avr5/libc.a(sscanf.o) (vfscanf)
/usr/lib/gcc/avr/4.3.3/../../../avr/lib/avr5/libc.a(isspace.o)
                              /usr/lib/gcc/avr/4.3.3/../../../avr/lib/avr5/libc.a(vfscanf_std.o) (isspace)
/usr/lib/gcc/avr/4.3.3/../../../avr/lib/avr5/libc.a(strchr_P.o)
                              /usr/lib/gcc/avr/4.3.3/../../../avr/lib/avr5/libc.a(vfscanf_std.o) (strchr_P)
/usr/lib/gcc/avr/4.3.3/../../../avr/lib/avr5/libc.a(strnlen_P.o)
                              /usr/lib/gcc/avr/4.3.3/../../../avr/lib/avr5/libc.a(vfprintf_std.o) (strnlen_P)
/usr/lib/gcc/avr/4.3.3/../../../avr/lib/avr5/libc.a(strnlen.o)
                              /usr/lib/gcc/avr/4.3.3/../../../avr/lib/avr5/libc.a(vfprintf_std.o) (strnlen)
/usr/lib/gcc/avr/4.3.3/../../../avr/lib/avr5/libc.a(fgetc.o)
                              /usr/lib/gcc/avr/4.3.3/../../../avr/lib/avr5/libc.a(vfscanf_std.o) (fgetc)
/usr/lib/gcc/avr/4.3.3/../../../avr/lib/avr5/libc.a(fputc.o)
                              /usr/lib/gcc/avr/4.3.3/../../../avr/lib/avr5/libc.a(vfprintf_std.o) (fputc)
/usr/lib/gcc/avr/4.3.3/../../../avr/lib/avr5/libc.a(ungetc.o)
                              /usr/lib/gcc/avr/4.3.3/../../../avr/lib/avr5/libc.a(vfscanf_std.o) (ungetc)
/usr/lib/gcc/avr/4.3.3/../../../avr/lib/avr5/libc.a(ultoa_invert.o)
                              /usr/lib/gcc/avr/4.3.3/../../../avr/lib/avr5/libc.a(vfprintf_std.o) (__ultoa_invert)
/usr/lib/gcc/avr/4.3.3/../../../avr/lib/avr5/libc.a(cty_isfalse.o)
                              /usr/lib/gcc/avr/4.3.3/../../../avr/lib/avr5/libc.a(isspace.o) (__ctype_isfalse)

Allocating common symbols
Common symbol       size              file

running             0x2               main.o
fields              0x1e              main.o
steps               0x2               main.o
state               0x2               main.o
move                0x1               main.o
buffer              0x1e              main.o
dir                 0x1               main.o
overflows           0x2               main.o
speed               0x2               main.o
cmd_recieved        0x2               main.o
cmd                 0x1e              main.o

Memory Configuration

Name             Origin             Length             Attributes
text             0x00000000         0x00020000         xr
data             0x00800060         0x0000ffa0         rw !x
eeprom           0x00810000         0x00010000         rw !x
fuse             0x00820000         0x00000400         rw !x
lock             0x00830000         0x00000400         rw !x
signature        0x00840000         0x00000400         rw !x
*default*        0x00000000         0xffffffff

Linker script and memory map

LOAD /usr/lib/gcc/avr/4.3.3/../../../avr/lib/avr5/crtm32.o
LOAD main.o
LOAD motor.o
LOAD usart.o
LOAD /usr/lib/gcc/avr/4.3.3/avr5/libgcc.a
LOAD /usr/lib/gcc/avr/4.3.3/../../../avr/lib/avr5/libc.a
LOAD /usr/lib/gcc/avr/4.3.3/avr5/libgcc.a

.hash
 *(.hash)

.dynsym
 *(.dynsym)

.dynstr
 *(.dynstr)

.gnu.version
 *(.gnu.version)

.gnu.version_d
 *(.gnu.version_d)

.gnu.version_r
 *(.gnu.version_r)

.rel.init
 *(.rel.init)

.rela.init
 *(.rela.init)

.rel.text
 *(.rel.text)
 *(.rel.text.*)
 *(.rel.gnu.linkonce.t*)

.rela.text
 *(.rela.text)
 *(.rela.text.*)
 *(.rela.gnu.linkonce.t*)

.rel.fini
 *(.rel.fini)

.rela.fini
 *(.rela.fini)

.rel.rodata
 *(.rel.rodata)
 *(.rel.rodata.*)
 *(.rel.gnu.linkonce.r*)

.rela.rodata
 *(.rela.rodata)
 *(.rela.rodata.*)
 *(.rela.gnu.linkonce.r*)

.rel.data
 *(.rel.data)
 *(.rel.data.*)
 *(.rel.gnu.linkonce.d*)

.rela.data
 *(.rela.data)
 *(.rela.data.*)
 *(.rela.gnu.linkonce.d*)

.rel.ctors
 *(.rel.ctors)

.rela.ctors
 *(.rela.ctors)

.rel.dtors
 *(.rel.dtors)

.rela.dtors
 *(.rela.dtors)

.rel.got
 *(.rel.got)

.rela.got
 *(.rela.got)

.rel.bss
 *(.rel.bss)

.rela.bss
 *(.rela.bss)

.rel.plt
 *(.rel.plt)

.rela.plt
 *(.rela.plt)

.text           0x00000000     0x28da
 *(.vectors)
 .vectors       0x00000000       0x54 /usr/lib/gcc/avr/4.3.3/../../../avr/lib/avr5/crtm32.o
                0x00000000                __vectors
                0x00000000                __vector_default
 *(.vectors)
 *(.progmem.gcc*)
 *(.progmem*)
 .progmem.data  0x00000054        0xc /usr/lib/gcc/avr/4.3.3/../../../avr/lib/avr5/libc.a(vfscanf_std.o)
                0x00000060                . = ALIGN (0x2)
                0x00000060                __trampolines_start = .
 *(.trampolines)
 .trampolines   0x00000060        0x0 linker stubs
 *(.trampolines*)
                0x00000060                __trampolines_end = .
 *(.jumptables)
 *(.jumptables*)
 *(.lowtext)
 *(.lowtext*)
                0x00000060                __ctors_start = .
 *(.ctors)
                0x00000060                __ctors_end = .
                0x00000060                __dtors_start = .
 *(.dtors)
                0x00000060                __dtors_end = .
 SORT(*)(.ctors)
 SORT(*)(.dtors)
 *(.init0)
 .init0         0x00000060        0x0 /usr/lib/gcc/avr/4.3.3/../../../avr/lib/avr5/crtm32.o
                0x00000060                __init
 *(.init0)
 *(.init1)
 *(.init1)
 *(.init2)
 .init2         0x00000060        0xc /usr/lib/gcc/avr/4.3.3/../../../avr/lib/avr5/crtm32.o
 *(.init2)
 *(.init3)
 *(.init3)
 *(.init4)
 .init4         0x0000006c       0x16 /usr/lib/gcc/avr/4.3.3/avr5/libgcc.a(_copy_data.o)
                0x0000006c                __do_copy_data
 .init4         0x00000082       0x10 /usr/lib/gcc/avr/4.3.3/avr5/libgcc.a(_clear_bss.o)
                0x00000082                __do_clear_bss
 *(.init4)
 *(.init5)
 *(.init5)
 *(.init6)
 *(.init6)
 *(.init7)
 *(.init7)
 *(.init8)
 *(.init8)
 *(.init9)
 .init9         0x00000092        0x8 /usr/lib/gcc/avr/4.3.3/../../../avr/lib/avr5/crtm32.o
 *(.init9)
 *(.text)
 .text          0x0000009a        0x4 /usr/lib/gcc/avr/4.3.3/../../../avr/lib/avr5/crtm32.o
                0x0000009a                __vector_1
                0x0000009a                __vector_12
                0x0000009a                __bad_interrupt
                0x0000009a                __vector_6
                0x0000009a                __vector_3
                0x0000009a                __vector_11
                0x0000009a                __vector_17
                0x0000009a                __vector_19
                0x0000009a                __vector_7
                0x0000009a                __vector_5
                0x0000009a                __vector_4
                0x0000009a                __vector_2
                0x0000009a                __vector_15
                0x0000009a                __vector_8
                0x0000009a                __vector_14
                0x0000009a                __vector_10
                0x0000009a                __vector_16
                0x0000009a                __vector_18
                0x0000009a                __vector_20
 .text          0x0000009e      0xa42 main.o
                0x000000da                startTimer
                0x0000026e                setDirections
                0x00000a48                __vector_13
                0x000000cc                timerInit
                0x000000f6                getTime
                0x000002c6                main
                0x0000009e                __vector_9
                0x000000e2                stopTimer
                0x00000296                step
 .text          0x00000ae0      0x1b6 motor.o
                0x00000bc8                motorSetChopper
                0x00000ae0                motorInit
                0x00000bec                motorSetReset
                0x00000b5e                motorSetStep
                0x00000c10                motorSetDirections
                0x00000b3a                motorSetEnable
                0x00000c34                motorStep
                0x00000af4                motorSetCtl
                0x00000c5a                motorStepDir
                0x00000b82                motorSetAdd
 .text          0x00000c96       0x32 usart.o
                0x00000cb4                uart_puts
                0x00000c96                USART_Init
                0x00000ca8                uart_putc
 .text          0x00000cc8        0x0 /usr/lib/gcc/avr/4.3.3/avr5/libgcc.a(_udivmodhi4.o)
 .text          0x00000cc8        0x0 /usr/lib/gcc/avr/4.3.3/avr5/libgcc.a(_divmodhi4.o)
 .text          0x00000cc8        0x0 /usr/lib/gcc/avr/4.3.3/avr5/libgcc.a(_exit.o)
 .text          0x00000cc8        0x0 /usr/lib/gcc/avr/4.3.3/avr5/libgcc.a(_copy_data.o)
 .text          0x00000cc8        0x0 /usr/lib/gcc/avr/4.3.3/avr5/libgcc.a(_clear_bss.o)
 .text          0x00000cc8      0x1f6 /usr/lib/gcc/avr/4.3.3/avr5/libgcc.a(_muldi3.o)
                0x00000cc8                __muldi3
 .text          0x00000ebe      0xcea /usr/lib/gcc/avr/4.3.3/avr5/libgcc.a(_udivdi3.o)
                0x00000ebe                __udivdi3
 .text          0x00001ba8        0x0 /usr/lib/gcc/avr/4.3.3/avr5/libgcc.a(_mulsi3.o)
 .text          0x00001ba8        0x0 /usr/lib/gcc/avr/4.3.3/avr5/libgcc.a(_udivmodsi4.o)
 .text          0x00001ba8        0x0 /usr/lib/gcc/avr/4.3.3/avr5/libgcc.a(_prologue.o)
 .text          0x00001ba8        0x0 /usr/lib/gcc/avr/4.3.3/avr5/libgcc.a(_epilogue.o)
 .text          0x00001ba8        0x0 /usr/lib/gcc/avr/4.3.3/avr5/libgcc.a(_clz.o)
 .text          0x00001ba8       0x3c /usr/lib/gcc/avr/4.3.3/../../../avr/lib/avr5/libc.a(atoi.o)
                0x00001ba8                atoi
 .text          0x00001be4       0x12 /usr/lib/gcc/avr/4.3.3/../../../avr/lib/avr5/libc.a(strcmp.o)
                0x00001be4                strcmp
 .text          0x00001bf6        0xe /usr/lib/gcc/avr/4.3.3/../../../avr/lib/avr5/libc.a(strcpy.o)
                0x00001bf6                strcpy
 .text          0x00001c04       0x10 /usr/lib/gcc/avr/4.3.3/../../../avr/lib/avr5/libc.a(mul10.o)
                0x00001c04                __mulhi_const_10
 .text          0x00001c14       0x48 /usr/lib/gcc/avr/4.3.3/../../../avr/lib/avr5/libc.a(sprintf.o)
                0x00001c14                sprintf
 .text          0x00001c5c       0x34 /usr/lib/gcc/avr/4.3.3/../../../avr/lib/avr5/libc.a(sscanf.o)
                0x00001c5c                sscanf
 .text          0x00001c90      0x3ba /usr/lib/gcc/avr/4.3.3/../../../avr/lib/avr5/libc.a(vfprintf_std.o)
                0x00001c90                vfprintf
 .text          0x0000204a      0x52a /usr/lib/gcc/avr/4.3.3/../../../avr/lib/avr5/libc.a(vfscanf_std.o)
                0x00002352                vfscanf
 .text          0x00002574        0x0 /usr/lib/gcc/avr/4.3.3/../../../avr/lib/avr5/libc.a(isspace.o)
 .text          0x00002574       0x16 /usr/lib/gcc/avr/4.3.3/../../../avr/lib/avr5/libc.a(strchr_P.o)
                0x00002574                strchr_P
 .text          0x0000258a       0x16 /usr/lib/gcc/avr/4.3.3/../../../avr/lib/avr5/libc.a(strnlen_P.o)
                0x0000258a                strnlen_P
 .text          0x000025a0       0x16 /usr/lib/gcc/avr/4.3.3/../../../avr/lib/avr5/libc.a(strnlen.o)
                0x000025a0                strnlen
 .text          0x000025b6       0x84 /usr/lib/gcc/avr/4.3.3/../../../avr/lib/avr5/libc.a(fgetc.o)
                0x000025b6                fgetc
 .text          0x0000263a       0x58 /usr/lib/gcc/avr/4.3.3/../../../avr/lib/avr5/libc.a(fputc.o)
                0x0000263a                fputc
 .text          0x00002692       0x34 /usr/lib/gcc/avr/4.3.3/../../../avr/lib/avr5/libc.a(ungetc.o)
                0x00002692                ungetc
 .text          0x000026c6       0xbc /usr/lib/gcc/avr/4.3.3/../../../avr/lib/avr5/libc.a(ultoa_invert.o)
                0x000026c6                __ultoa_invert
 .text          0x00002782        0x0 /usr/lib/gcc/avr/4.3.3/../../../avr/lib/avr5/libc.a(cty_isfalse.o)
                0x00002782                . = ALIGN (0x2)
 *(.text.*)
 .text.libgcc   0x00002782       0x28 /usr/lib/gcc/avr/4.3.3/avr5/libgcc.a(_udivmodhi4.o)
                0x00002782                __udivmodhi4
 .text.libgcc   0x000027aa       0x26 /usr/lib/gcc/avr/4.3.3/avr5/libgcc.a(_divmodhi4.o)
                0x000027aa                __divmodhi4
                0x000027aa                _div
 .text.libgcc   0x000027d0        0x0 /usr/lib/gcc/avr/4.3.3/avr5/libgcc.a(_exit.o)
 .text.libgcc   0x000027d0        0x0 /usr/lib/gcc/avr/4.3.3/avr5/libgcc.a(_copy_data.o)
 .text.libgcc   0x000027d0        0x0 /usr/lib/gcc/avr/4.3.3/avr5/libgcc.a(_clear_bss.o)
 .text.libgcc   0x000027d0       0x3e /usr/lib/gcc/avr/4.3.3/avr5/libgcc.a(_mulsi3.o)
                0x000027d0                __mulsi3
 .text.libgcc   0x0000280e       0x44 /usr/lib/gcc/avr/4.3.3/avr5/libgcc.a(_udivmodsi4.o)
                0x0000280e                __udivmodsi4
 .text.libgcc   0x00002852       0x38 /usr/lib/gcc/avr/4.3.3/avr5/libgcc.a(_prologue.o)
                0x00002852                __prologue_saves__
 .text.libgcc   0x0000288a       0x36 /usr/lib/gcc/avr/4.3.3/avr5/libgcc.a(_epilogue.o)
                0x0000288a                __epilogue_restores__
 .text.ctype    0x000028c0       0x10 /usr/lib/gcc/avr/4.3.3/../../../avr/lib/avr5/libc.a(isspace.o)
                0x000028c0                isspace
 .text.ctype    0x000028d0        0x6 /usr/lib/gcc/avr/4.3.3/../../../avr/lib/avr5/libc.a(cty_isfalse.o)
                0x000028d4                __ctype_istrue
                0x000028d0                __ctype_isfalse
                0x000028d6                . = ALIGN (0x2)
 *(.fini9)
 .fini9         0x000028d6        0x0 /usr/lib/gcc/avr/4.3.3/avr5/libgcc.a(_exit.o)
                0x000028d6                exit
                0x000028d6                _exit
 *(.fini9)
 *(.fini8)
 *(.fini8)
 *(.fini7)
 *(.fini7)
 *(.fini6)
 *(.fini6)
 *(.fini5)
 *(.fini5)
 *(.fini4)
 *(.fini4)
 *(.fini3)
 *(.fini3)
 *(.fini2)
 *(.fini2)
 *(.fini1)
 *(.fini1)
 *(.fini0)
 .fini0         0x000028d6        0x4 /usr/lib/gcc/avr/4.3.3/avr5/libgcc.a(_exit.o)
 *(.fini0)
                0x000028da                _etext = .

.data           0x00800060      0x718 load address 0x000028da
                0x00800060                PROVIDE (__data_start, .)
 *(.data)
 .data          0x00800060        0x0 /usr/lib/gcc/avr/4.3.3/../../../avr/lib/avr5/crtm32.o
 .data          0x00800060      0x617 main.o
 .data          0x00800677        0x0 motor.o
 .data          0x00800677        0x0 usart.o
 .data          0x00800677        0x0 /usr/lib/gcc/avr/4.3.3/avr5/libgcc.a(_udivmodhi4.o)
 .data          0x00800677        0x0 /usr/lib/gcc/avr/4.3.3/avr5/libgcc.a(_divmodhi4.o)
 .data          0x00800677        0x0 /usr/lib/gcc/avr/4.3.3/avr5/libgcc.a(_exit.o)
 .data          0x00800677        0x0 /usr/lib/gcc/avr/4.3.3/avr5/libgcc.a(_copy_data.o)
 .data          0x00800677        0x0 /usr/lib/gcc/avr/4.3.3/avr5/libgcc.a(_clear_bss.o)
 .data          0x00800677        0x0 /usr/lib/gcc/avr/4.3.3/avr5/libgcc.a(_muldi3.o)
 .data          0x00800677        0x0 /usr/lib/gcc/avr/4.3.3/avr5/libgcc.a(_udivdi3.o)
 .data          0x00800677        0x0 /usr/lib/gcc/avr/4.3.3/avr5/libgcc.a(_mulsi3.o)
 .data          0x00800677        0x0 /usr/lib/gcc/avr/4.3.3/avr5/libgcc.a(_udivmodsi4.o)
 .data          0x00800677        0x0 /usr/lib/gcc/avr/4.3.3/avr5/libgcc.a(_prologue.o)
 .data          0x00800677        0x0 /usr/lib/gcc/avr/4.3.3/avr5/libgcc.a(_epilogue.o)
 .data          0x00800677      0x100 /usr/lib/gcc/avr/4.3.3/avr5/libgcc.a(_clz.o)
                0x00800677                __clz_tab
 .data          0x00800777        0x0 /usr/lib/gcc/avr/4.3.3/../../../avr/lib/avr5/libc.a(atoi.o)
 .data          0x00800777        0x0 /usr/lib/gcc/avr/4.3.3/../../../avr/lib/avr5/libc.a(strcmp.o)
 .data          0x00800777        0x0 /usr/lib/gcc/avr/4.3.3/../../../avr/lib/avr5/libc.a(strcpy.o)
 .data          0x00800777        0x0 /usr/lib/gcc/avr/4.3.3/../../../avr/lib/avr5/libc.a(mul10.o)
 .data          0x00800777        0x0 /usr/lib/gcc/avr/4.3.3/../../../avr/lib/avr5/libc.a(sprintf.o)
 .data          0x00800777        0x0 /usr/lib/gcc/avr/4.3.3/../../../avr/lib/avr5/libc.a(sscanf.o)
 .data          0x00800777        0x0 /usr/lib/gcc/avr/4.3.3/../../../avr/lib/avr5/libc.a(vfprintf_std.o)
 .data          0x00800777        0x0 /usr/lib/gcc/avr/4.3.3/../../../avr/lib/avr5/libc.a(vfscanf_std.o)
 .data          0x00800777        0x0 /usr/lib/gcc/avr/4.3.3/../../../avr/lib/avr5/libc.a(isspace.o)
 .data          0x00800777        0x0 /usr/lib/gcc/avr/4.3.3/../../../avr/lib/avr5/libc.a(strchr_P.o)
 .data          0x00800777        0x0 /usr/lib/gcc/avr/4.3.3/../../../avr/lib/avr5/libc.a(strnlen_P.o)
 .data          0x00800777        0x0 /usr/lib/gcc/avr/4.3.3/../../../avr/lib/avr5/libc.a(strnlen.o)
 .data          0x00800777        0x0 /usr/lib/gcc/avr/4.3.3/../../../avr/lib/avr5/libc.a(fgetc.o)
 .data          0x00800777        0x0 /usr/lib/gcc/avr/4.3.3/../../../avr/lib/avr5/libc.a(fputc.o)
 .data          0x00800777        0x0 /usr/lib/gcc/avr/4.3.3/../../../avr/lib/avr5/libc.a(ungetc.o)
 .data          0x00800777        0x0 /usr/lib/gcc/avr/4.3.3/../../../avr/lib/avr5/libc.a(ultoa_invert.o)
 .data          0x00800777        0x0 /usr/lib/gcc/avr/4.3.3/../../../avr/lib/avr5/libc.a(cty_isfalse.o)
 *(.data*)
 *(.rodata)
 *(.rodata*)
 *(.gnu.linkonce.d*)
                0x00800778                . = ALIGN (0x2)
 *fill*         0x00800777        0x1 00
                0x00800778                _edata = .
                0x00800778                PROVIDE (__data_end, .)

.bss            0x00800778       0x68 load address 0x00002ff2
                0x00800778                PROVIDE (__bss_start, .)
 *(.bss)
 .bss           0x00800778        0x0 /usr/lib/gcc/avr/4.3.3/../../../avr/lib/avr5/crtm32.o
 .bss           0x00800778        0x0 main.o
 .bss           0x00800778        0x0 motor.o
 .bss           0x00800778        0x0 usart.o
 .bss           0x00800778        0x0 /usr/lib/gcc/avr/4.3.3/avr5/libgcc.a(_udivmodhi4.o)
 .bss           0x00800778        0x0 /usr/lib/gcc/avr/4.3.3/avr5/libgcc.a(_divmodhi4.o)
 .bss           0x00800778        0x0 /usr/lib/gcc/avr/4.3.3/avr5/libgcc.a(_exit.o)
 .bss           0x00800778        0x0 /usr/lib/gcc/avr/4.3.3/avr5/libgcc.a(_copy_data.o)
 .bss           0x00800778        0x0 /usr/lib/gcc/avr/4.3.3/avr5/libgcc.a(_clear_bss.o)
 .bss           0x00800778        0x0 /usr/lib/gcc/avr/4.3.3/avr5/libgcc.a(_muldi3.o)
 .bss           0x00800778        0x0 /usr/lib/gcc/avr/4.3.3/avr5/libgcc.a(_udivdi3.o)
 .bss           0x00800778        0x0 /usr/lib/gcc/avr/4.3.3/avr5/libgcc.a(_mulsi3.o)
 .bss           0x00800778        0x0 /usr/lib/gcc/avr/4.3.3/avr5/libgcc.a(_udivmodsi4.o)
 .bss           0x00800778        0x0 /usr/lib/gcc/avr/4.3.3/avr5/libgcc.a(_prologue.o)
 .bss           0x00800778        0x0 /usr/lib/gcc/avr/4.3.3/avr5/libgcc.a(_epilogue.o)
 .bss           0x00800778        0x0 /usr/lib/gcc/avr/4.3.3/avr5/libgcc.a(_clz.o)
 .bss           0x00800778        0x0 /usr/lib/gcc/avr/4.3.3/../../../avr/lib/avr5/libc.a(atoi.o)
 .bss           0x00800778        0x0 /usr/lib/gcc/avr/4.3.3/../../../avr/lib/avr5/libc.a(strcmp.o)
 .bss           0x00800778        0x0 /usr/lib/gcc/avr/4.3.3/../../../avr/lib/avr5/libc.a(strcpy.o)
 .bss           0x00800778        0x0 /usr/lib/gcc/avr/4.3.3/../../../avr/lib/avr5/libc.a(mul10.o)
 .bss           0x00800778        0x0 /usr/lib/gcc/avr/4.3.3/../../../avr/lib/avr5/libc.a(sprintf.o)
 .bss           0x00800778        0x0 /usr/lib/gcc/avr/4.3.3/../../../avr/lib/avr5/libc.a(sscanf.o)
 .bss           0x00800778        0x0 /usr/lib/gcc/avr/4.3.3/../../../avr/lib/avr5/libc.a(vfprintf_std.o)
 .bss           0x00800778        0x0 /usr/lib/gcc/avr/4.3.3/../../../avr/lib/avr5/libc.a(vfscanf_std.o)
 .bss           0x00800778        0x0 /usr/lib/gcc/avr/4.3.3/../../../avr/lib/avr5/libc.a(isspace.o)
 .bss           0x00800778        0x0 /usr/lib/gcc/avr/4.3.3/../../../avr/lib/avr5/libc.a(strchr_P.o)
 .bss           0x00800778        0x0 /usr/lib/gcc/avr/4.3.3/../../../avr/lib/avr5/libc.a(strnlen_P.o)
 .bss           0x00800778        0x0 /usr/lib/gcc/avr/4.3.3/../../../avr/lib/avr5/libc.a(strnlen.o)
 .bss           0x00800778        0x0 /usr/lib/gcc/avr/4.3.3/../../../avr/lib/avr5/libc.a(fgetc.o)
 .bss           0x00800778        0x0 /usr/lib/gcc/avr/4.3.3/../../../avr/lib/avr5/libc.a(fputc.o)
 .bss           0x00800778        0x0 /usr/lib/gcc/avr/4.3.3/../../../avr/lib/avr5/libc.a(ungetc.o)
 .bss           0x00800778        0x0 /usr/lib/gcc/avr/4.3.3/../../../avr/lib/avr5/libc.a(ultoa_invert.o)
 .bss           0x00800778        0x0 /usr/lib/gcc/avr/4.3.3/../../../avr/lib/avr5/libc.a(cty_isfalse.o)
 *(.bss*)
 *(COMMON)
 COMMON         0x00800778       0x68 main.o
                0x00800778                running
                0x0080077a                fields
                0x00800798                steps
                0x0080079a                state
                0x0080079c                move
                0x0080079d                buffer
                0x008007bb                dir
                0x008007bc                overflows
                0x008007be                speed
                0x008007c0                cmd_recieved
                0x008007c2                cmd
                0x008007e0                PROVIDE (__bss_end, .)
                0x000028da                __data_load_start = LOADADDR (.data)
                0x00002ff2                __data_load_end = (__data_load_start + SIZEOF (.data))

.noinit         0x008007e0        0x0
                0x008007e0                PROVIDE (__noinit_start, .)
 *(.noinit*)
                0x008007e0                PROVIDE (__noinit_end, .)
                0x008007e0                _end = .
                0x008007e0                PROVIDE (__heap_start, .)

.eeprom         0x00810000        0x0
 *(.eeprom*)
                0x00810000                __eeprom_end = .

.fuse
 *(.fuse)
 *(.lfuse)
 *(.hfuse)
 *(.efuse)

.lock
 *(.lock*)

.signature
 *(.signature*)

.stab           0x00000000     0x31c8
 *(.stab)
 .stab          0x00000000      0x6b4 /usr/lib/gcc/avr/4.3.3/../../../avr/lib/avr5/crtm32.o
 .stab          0x000006b4      0x174 /usr/lib/gcc/avr/4.3.3/../../../avr/lib/avr5/libc.a(atoi.o)
                                0x180 (size before relaxing)
 .stab          0x00000828       0x84 /usr/lib/gcc/avr/4.3.3/../../../avr/lib/avr5/libc.a(strcmp.o)
                                 0x90 (size before relaxing)
 .stab          0x000008ac       0x6c /usr/lib/gcc/avr/4.3.3/../../../avr/lib/avr5/libc.a(strcpy.o)
                                 0x78 (size before relaxing)
 .stab          0x00000918       0x78 /usr/lib/gcc/avr/4.3.3/../../../avr/lib/avr5/libc.a(mul10.o)
                                 0x84 (size before relaxing)
 .stab          0x00000990      0x3cc /usr/lib/gcc/avr/4.3.3/../../../avr/lib/avr5/libc.a(sprintf.o)
                                0x3d8 (size before relaxing)
 .stab          0x00000d5c      0x1e0 /usr/lib/gcc/avr/4.3.3/../../../avr/lib/avr5/libc.a(sscanf.o)
                                0x3c0 (size before relaxing)
 .stab          0x00000f3c      0x978 /usr/lib/gcc/avr/4.3.3/../../../avr/lib/avr5/libc.a(vfprintf_std.o)
                                0xb58 (size before relaxing)
 .stab          0x000018b4      0xbe8 /usr/lib/gcc/avr/4.3.3/../../../avr/lib/avr5/libc.a(vfscanf_std.o)
                                0xe88 (size before relaxing)
 .stab          0x0000249c       0x9c /usr/lib/gcc/avr/4.3.3/../../../avr/lib/avr5/libc.a(isspace.o)
                                 0xa8 (size before relaxing)
 .stab          0x00002538       0x9c /usr/lib/gcc/avr/4.3.3/../../../avr/lib/avr5/libc.a(strchr_P.o)
                                 0xa8 (size before relaxing)
 .stab          0x000025d4       0x9c /usr/lib/gcc/avr/4.3.3/../../../avr/lib/avr5/libc.a(strnlen_P.o)
                                 0xa8 (size before relaxing)
 .stab          0x00002670       0x9c /usr/lib/gcc/avr/4.3.3/../../../avr/lib/avr5/libc.a(strnlen.o)
                                 0xa8 (size before relaxing)
 .stab          0x0000270c      0x24c /usr/lib/gcc/avr/4.3.3/../../../avr/lib/avr5/libc.a(fgetc.o)
                                0x42c (size before relaxing)
 .stab          0x00002958      0x1d4 /usr/lib/gcc/avr/4.3.3/../../../avr/lib/avr5/libc.a(fputc.o)
                                0x3b4 (size before relaxing)
 .stab          0x00002b2c      0x1bc /usr/lib/gcc/avr/4.3.3/../../../avr/lib/avr5/libc.a(ungetc.o)
                                0x39c (size before relaxing)
 .stab          0x00002ce8      0x480 /usr/lib/gcc/avr/4.3.3/../../../avr/lib/avr5/libc.a(ultoa_invert.o)
                                0x48c (size before relaxing)
 .stab          0x00003168       0x60 /usr/lib/gcc/avr/4.3.3/../../../avr/lib/avr5/libc.a(cty_isfalse.o)
                                 0x6c (size before relaxing)

.stabstr        0x00000000     0x10e3
 *(.stabstr)
 .stabstr       0x00000000     0x10e3 /usr/lib/gcc/avr/4.3.3/../../../avr/lib/avr5/crtm32.o

.stab.excl
 *(.stab.excl)

.stab.exclstr
 *(.stab.exclstr)

.stab.index
 *(.stab.index)

.stab.indexstr
 *(.stab.indexstr)

.comment
 *(.comment)

.debug
 *(.debug)

.line
 *(.line)

.debug_srcinfo
 *(.debug_srcinfo)

.debug_sfnames
 *(.debug_sfnames)

.debug_aranges
 *(.debug_aranges)

.debug_pubnames
 *(.debug_pubnames)

.debug_info
 *(.debug_info)
 *(.gnu.linkonce.wi.*)

.debug_abbrev
 *(.debug_abbrev)

.debug_line
 *(.debug_line)

.debug_frame
 *(.debug_frame)

.debug_str
 *(.debug_str)

.debug_loc
 *(.debug_loc)

.debug_macinfo
 *(.debug_macinfo)
OUTPUT(project.out elf32-avr)
LOAD linker stubs
